core_cm4.h:1435:22:NVIC_SetPriorityGrouping	24	static
core_cm4.h:1455:26:NVIC_GetPriorityGrouping	4	static
core_cm4.h:1467:22:NVIC_EnableIRQ	16	static
core_cm4.h:1480:22:NVIC_DisableIRQ	16	static
core_cm4.h:1496:26:NVIC_GetPendingIRQ	16	static
core_cm4.h:1508:22:NVIC_SetPendingIRQ	16	static
core_cm4.h:1520:22:NVIC_ClearPendingIRQ	16	static
core_cm4.h:1535:26:NVIC_GetActive	16	static
core_cm4.h:1550:22:NVIC_SetPriority	16	static
core_cm4.h:1570:26:NVIC_GetPriority	16	static
core_cm4.h:1592:26:NVIC_EncodePriority	40	static
core_cm4.h:1620:22:NVIC_DecodePriority	40	static
core_cm4.h:1638:22:NVIC_SystemReset	4	static
core_cm4.h:1677:26:SysTick_Config	16	static
stm32f3xx_hal_cortex.c:185:6:HAL_NVIC_SetPriorityGrouping	16	static
stm32f3xx_hal_cortex.c:207:6:HAL_NVIC_SetPriority	32	static
stm32f3xx_hal_cortex.c:229:6:HAL_NVIC_EnableIRQ	16	static
stm32f3xx_hal_cortex.c:242:6:HAL_NVIC_DisableIRQ	16	static
stm32f3xx_hal_cortex.c:252:6:HAL_NVIC_SystemReset	8	static
stm32f3xx_hal_cortex.c:265:10:HAL_SYSTICK_Config	16	static
stm32f3xx_hal_cortex.c:293:10:HAL_NVIC_GetPriorityGrouping	8	static
stm32f3xx_hal_cortex.c:320:6:HAL_NVIC_GetPriority	24	static
stm32f3xx_hal_cortex.c:335:6:HAL_NVIC_SetPendingIRQ	16	static
stm32f3xx_hal_cortex.c:350:10:HAL_NVIC_GetPendingIRQ	16	static
stm32f3xx_hal_cortex.c:363:6:HAL_NVIC_ClearPendingIRQ	16	static
stm32f3xx_hal_cortex.c:377:10:HAL_NVIC_GetActive	16	static
stm32f3xx_hal_cortex.c:391:6:HAL_SYSTICK_CLKSourceConfig	16	static
stm32f3xx_hal_cortex.c:409:6:HAL_SYSTICK_IRQHandler	8	static
stm32f3xx_hal_cortex.c:418:13:HAL_SYSTICK_Callback	4	static
