stm32f3xx_hal.c:151:19:HAL_Init	8	static
stm32f3xx_hal.c:177:19:HAL_DeInit	8	static
stm32f3xx_hal.c:200:13:HAL_MspInit	4	static
stm32f3xx_hal.c:211:13:HAL_MspDeInit	4	static
stm32f3xx_hal.c:234:26:HAL_InitTick	16	static
stm32f3xx_hal.c:284:13:HAL_IncTick	4	static
stm32f3xx_hal.c:295:17:HAL_GetTick	4	static
stm32f3xx_hal.c:311:13:HAL_Delay	24	static
stm32f3xx_hal.c:329:13:HAL_SuspendTick	4	static
stm32f3xx_hal.c:347:13:HAL_ResumeTick	4	static
stm32f3xx_hal.c:358:10:HAL_GetHalVersion	4	static
stm32f3xx_hal.c:367:10:HAL_GetREVID	4	static
stm32f3xx_hal.c:376:10:HAL_GetDEVID	4	static
stm32f3xx_hal.c:385:6:HAL_EnableDBGSleepMode	4	static
stm32f3xx_hal.c:394:6:HAL_DisableDBGSleepMode	4	static
stm32f3xx_hal.c:403:6:HAL_EnableDBGStopMode	4	static
stm32f3xx_hal.c:412:6:HAL_DisableDBGStopMode	4	static
stm32f3xx_hal.c:421:6:HAL_EnableDBGStandbyMode	4	static
stm32f3xx_hal.c:430:6:HAL_DisableDBGStandbyMode	4	static
